selected=40000 train=31902 valid=8098
records=31902 elapsed=2.3s
queried 64/31902 elapsed=11.0s
queried 704/31902 elapsed=78.8s
queried 1344/31902 elapsed=146.4s
queried 1984/31902 elapsed=213.3s
queried 2624/31902 elapsed=280.4s
queried 3264/31902 elapsed=347.4s
queried 3904/31902 elapsed=416.8s
queried 4544/31902 elapsed=482.3s
queried 5184/31902 elapsed=547.2s
queried 5824/31902 elapsed=612.8s
queried 6464/31902 elapsed=676.7s
queried 7104/31902 elapsed=743.6s
queried 7744/31902 elapsed=808.8s
queried 8384/31902 elapsed=874.7s
queried 9024/31902 elapsed=940.0s
queried 9664/31902 elapsed=1007.3s
queried 10304/31902 elapsed=1072.7s
queried 10944/31902 elapsed=1139.5s
queried 11584/31902 elapsed=1206.4s
queried 12224/31902 elapsed=1273.9s
queried 12864/31902 elapsed=1341.8s
queried 13504/31902 elapsed=1408.7s
queried 14144/31902 elapsed=1473.6s
queried 14784/31902 elapsed=1542.4s
queried 15424/31902 elapsed=1611.0s
queried 16064/31902 elapsed=1678.2s
queried 16704/31902 elapsed=1746.2s
queried 17344/31902 elapsed=1814.1s
queried 17984/31902 elapsed=1882.5s
queried 18624/31902 elapsed=1950.0s
queried 19264/31902 elapsed=2018.9s
queried 19904/31902 elapsed=2086.9s
queried 20544/31902 elapsed=2154.3s
queried 21184/31902 elapsed=2225.2s
queried 21824/31902 elapsed=2295.6s
queried 22464/31902 elapsed=2363.3s
queried 23104/31902 elapsed=2432.4s
queried 23744/31902 elapsed=2500.0s
queried 24384/31902 elapsed=2568.7s
queried 25024/31902 elapsed=2637.3s
queried 25664/31902 elapsed=2707.2s
queried 26304/31902 elapsed=2775.6s
queried 26944/31902 elapsed=2843.4s
queried 27584/31902 elapsed=2913.1s
queried 28224/31902 elapsed=2982.0s
queried 28864/31902 elapsed=3050.0s
queried 29504/31902 elapsed=3121.5s
queried 30144/31902 elapsed=3190.7s
queried 30784/31902 elapsed=3259.9s
queried 31424/31902 elapsed=3331.0s
india examples=349825 pos=99825 elapsed=4233.3s
saved elapsed=4239.2s DONE
