selected=40000 train=32054 valid=7946
queried 64/32054 elapsed=9.4s
queried 704/32054 elapsed=62.8s
queried 1344/32054 elapsed=115.5s
queried 1984/32054 elapsed=172.0s
queried 2624/32054 elapsed=230.9s
queried 3264/32054 elapsed=289.6s
queried 3904/32054 elapsed=347.6s
queried 4544/32054 elapsed=406.6s
queried 5184/32054 elapsed=464.4s
queried 5824/32054 elapsed=523.5s
queried 6464/32054 elapsed=583.0s
queried 7104/32054 elapsed=643.9s
queried 7744/32054 elapsed=706.4s
queried 8384/32054 elapsed=768.2s
queried 9024/32054 elapsed=830.2s
queried 9664/32054 elapsed=892.2s
queried 10304/32054 elapsed=954.6s
queried 10944/32054 elapsed=1015.7s
queried 11584/32054 elapsed=1078.1s
queried 12224/32054 elapsed=1140.9s
queried 12864/32054 elapsed=1203.3s
queried 13504/32054 elapsed=1267.0s
queried 14144/32054 elapsed=1328.9s
queried 14784/32054 elapsed=1390.7s
queried 15424/32054 elapsed=1452.4s
queried 16064/32054 elapsed=1516.2s
queried 16704/32054 elapsed=1577.7s
queried 17344/32054 elapsed=1641.8s
queried 17984/32054 elapsed=1703.9s
queried 18624/32054 elapsed=1768.6s
queried 19264/32054 elapsed=1831.5s
queried 19904/32054 elapsed=1895.6s
queried 20544/32054 elapsed=1959.2s
queried 21184/32054 elapsed=2021.3s
queried 21824/32054 elapsed=2083.8s
queried 22464/32054 elapsed=2146.8s
queried 23104/32054 elapsed=2209.4s
queried 23744/32054 elapsed=2271.4s
queried 24384/32054 elapsed=2335.1s
queried 25024/32054 elapsed=2398.6s
queried 25664/32054 elapsed=2462.9s
queried 26304/32054 elapsed=2526.3s
queried 26944/32054 elapsed=2589.1s
queried 27584/32054 elapsed=2654.2s
queried 28224/32054 elapsed=2717.6s
queried 28864/32054 elapsed=2781.8s
queried 29504/32054 elapsed=2845.6s
queried 30144/32054 elapsed=2911.2s
queried 30784/32054 elapsed=2975.6s
queried 31424/32054 elapsed=3040.1s
queried 32064/32054 elapsed=3102.9s
us examples=351557 pos=101557 elapsed=3516.4s
joint examples=701382 elapsed=3517.3s
joint model kind=hist_gradient_boosting elapsed=3535.0s
target pool=10320219 elapsed=3566.9s
scored us elapsed=3626.5s
scored india elapsed=3738.4s
JOINT {"threshold": 0.88, "examples_us_in": true, "us": {"f05": 0.9049800272068769, "p": 0.9671625661375662, "r": 0.8311837301587303}, "india": {"f05": 0.8480370984816176, "p": 0.9301813492063491, "r": 0.7726194444444444}, "combined": {"f05": 0.8765085628442473, "p": 0.9486719576719578, "r": 0.8019015873015873}} elapsed=3768.7s DONE
